..............................................

Finished in 1.35 seconds
46 examples, 0 failures

Randomized with seed 43548

